[dotenv@17.2.3] injecting env (20) from .env -- tip: ΓÜÖ∩╕Å  load multiple .env files with { path: ['.env.local', '.env'] }
Connected to DB
node : ctor 
[UserExistsError]: A 
user with the given 
username is already 
registered
At line:1 char:1
+ node test_review_ba
ckend.js > 
test_output.txt 2>&1
+ ~~~~~~~~~~~~~~~~~~~
~~~~~~~~~~~~~~~~~~~~~
~~~~~~~~~~
    + CategoryInfo   
           : NotSpe  
  cified: (ctor [U   
 serExist...eady     
registered:Strin    
g) [], RemoteExc    
eption
    + FullyQualified 
   ErrorId : Native  
  CommandError
 
    at C:\Users\Asus\
Desktop\Final-Year-Pr
oject\node_modules\pa
ssport-local-mongoose
\index.js:237:17
    at process.proces
sTicksAndRejections (
node:internal/process
/task_queues:105:5)
    at async runTest 
(C:\Users\Asus\Deskto
p\Final-Year-Project\
test_review_backend.j
s:59:9)
